
Discarded input sections

 .text          0x00000000       0x58 aeabi.o
 .data          0x00000000        0x0 aeabi.o
 .bss           0x00000000        0x0 aeabi.o
 .ARM.attributes
                0x00000000       0x20 aeabi.o
 .text          0x00000000        0x0 libc.o
 .data          0x00000000        0x0 libc.o
 .bss           0x00000000        0x0 libc.o
 .rodata.vsprintf.str1.4
                0x00000000       0x19 libc.o
 .text.vsprintf
                0x00000000      0x274 libc.o
 .text.strcpy   0x00000000       0x10 libc.o
 .text.strncpy  0x00000000       0x3c libc.o
 .text.strcat   0x00000000       0x24 libc.o
 .text.strncat  0x00000000       0x3c libc.o
 .text.strcmp   0x00000000       0x18 libc.o
 .text.strncmp  0x00000000       0x28 libc.o
 .text.strstr   0x00000000       0x30 libc.o
 .text.strlen   0x00000000       0x18 libc.o
 .text.strchr   0x00000000       0x1c libc.o
 .text.strpbrk  0x00000000       0x38 libc.o
 .text.strsep   0x00000000       0x4c libc.o
 .text.strtok   0x00000000       0x60 libc.o
 .text.strtok_r
                0x00000000       0x5c libc.o
 .text.strtol   0x00000000       0x6c libc.o
 .text.atoi     0x00000000       0x6c libc.o
 .text.itoa     0x00000000       0xb8 libc.o
 .text.memmove  0x00000000       0x30 libc.o
 .text.memcmp   0x00000000       0x2c libc.o
 .text.abs      0x00000000        0x8 libc.o
 .text.random   0x00000000       0x20 libc.o
 .text.srand    0x00000000        0xc libc.o
 .text.puts     0x00000000       0x24 libc.o
 .text.gets     0x00000000       0x20 libc.o
 .text.fgets    0x00000000       0x30 libc.o
 .text.getline  0x00000000       0x28 libc.o
 .text.printf   0x00000000       0x20 libc.o
 .text.sprintf  0x00000000       0x20 libc.o
 .bss.last.0    0x00000000        0x4 libc.o
 .data.rand1    0x00000000        0x4 libc.o
 .text          0x00000000        0x0 main.o
 .data          0x00000000        0x0 main.o
 .bss           0x00000000        0x0 main.o
 .rodata.print_frame.str1.4
                0x00000000        0xf main.o
 .text.print_frame
                0x00000000       0x3c main.o
 .bss.__        0x00000000        0x7 main.o
 .text          0x00000000        0x0 misc.o
 .data          0x00000000        0x0 misc.o
 .bss           0x00000000        0x0 misc.o
 .text.NVIC_SetVectorTable
                0x00000000       0x14 misc.o
 .text.NVIC_SystemLPConfig
                0x00000000       0x18 misc.o
 .text.SysTick_CLKSourceConfig
                0x00000000       0x18 misc.o
 .text          0x00000000        0x0 muldiv.o
 .data          0x00000000        0x0 muldiv.o
 .bss           0x00000000        0x0 muldiv.o
 .text.__mulsi3
                0x00000000       0x1c muldiv.o
 .text.__muldsi3
                0x00000000       0x38 muldiv.o
 .text.__muldi3
                0x00000000       0x78 muldiv.o
 .text.__udivmodsi4
                0x00000000       0x3c muldiv.o
 .text.__divmodsi4
                0x00000000       0x6c muldiv.o
 .text.__udivsi3
                0x00000000       0x34 muldiv.o
 .text.__umodsi3
                0x00000000       0x2c muldiv.o
 .text.__divsi3
                0x00000000        0x8 muldiv.o
 .text.__modsi3
                0x00000000        0x8 muldiv.o
 .text.__ashldi3
                0x00000000       0x2c muldiv.o
 .text.__ashrdi3
                0x00000000       0x20 muldiv.o
 .text.__lshrdi3
                0x00000000       0x34 muldiv.o
 .text.__udivmoddi4
                0x00000000       0x88 muldiv.o
 .text.__divmoddi4
                0x00000000       0xdc muldiv.o
 .text.__umoddi3
                0x00000000       0x60 muldiv.o
 .text.__udivdi3
                0x00000000       0x7c muldiv.o
 .text.__moddi3
                0x00000000       0x14 muldiv.o
 .text.__divdi3
                0x00000000       0x10 muldiv.o
 .comment       0x00000000       0x13 muldiv.o
 .ARM.attributes
                0x00000000       0x34 muldiv.o
 .text          0x00000000       0x34 setjmp.o
 .data          0x00000000        0x0 setjmp.o
 .bss           0x00000000        0x0 setjmp.o
 .ARM.attributes
                0x00000000       0x20 setjmp.o
 .text          0x00000000        0x0 stm32f4_vector.o
 .data          0x00000000        0x0 stm32f4_vector.o
 .bss           0x00000000        0x0 stm32f4_vector.o
 .text.ticks_ms
                0x00000000        0xc stm32f4_vector.o
 .text          0x00000000        0x0 stm32f4xx_adc.o
 .data          0x00000000        0x0 stm32f4xx_adc.o
 .bss           0x00000000        0x0 stm32f4xx_adc.o
 .text.ADC_DeInit
                0x00000000       0x1c stm32f4xx_adc.o
 .text.ADC_Init
                0x00000000       0x50 stm32f4xx_adc.o
 .text.ADC_StructInit
                0x00000000       0x14 stm32f4xx_adc.o
 .text.ADC_CommonInit
                0x00000000       0x2c stm32f4xx_adc.o
 .text.ADC_CommonStructInit
                0x00000000        0xc stm32f4xx_adc.o
 .text.ADC_Cmd  0x00000000       0x14 stm32f4xx_adc.o
 .text.ADC_AnalogWatchdogCmd
                0x00000000       0x10 stm32f4xx_adc.o
 .text.ADC_AnalogWatchdogThresholdsConfig
                0x00000000        0x8 stm32f4xx_adc.o
 .text.ADC_AnalogWatchdogSingleChannelConfig
                0x00000000        0xc stm32f4xx_adc.o
 .text.ADC_TempSensorVrefintCmd
                0x00000000       0x1c stm32f4xx_adc.o
 .text.ADC_VBATCmd
                0x00000000       0x1c stm32f4xx_adc.o
 .text.ADC_RegularChannelConfig
                0x00000000       0x9c stm32f4xx_adc.o
 .text.ADC_SoftwareStartConv
                0x00000000        0xc stm32f4xx_adc.o
 .text.ADC_GetSoftwareStartConvStatus
                0x00000000        0x8 stm32f4xx_adc.o
 .text.ADC_EOCOnEachRegularChannelCmd
                0x00000000       0x14 stm32f4xx_adc.o
 .text.ADC_ContinuousModeCmd
                0x00000000       0x14 stm32f4xx_adc.o
 .text.ADC_DiscModeChannelCountConfig
                0x00000000       0x10 stm32f4xx_adc.o
 .text.ADC_DiscModeCmd
                0x00000000       0x14 stm32f4xx_adc.o
 .text.ADC_GetConversionValue
                0x00000000        0x8 stm32f4xx_adc.o
 .text.ADC_GetMultiModeConversionValue
                0x00000000        0xc stm32f4xx_adc.o
 .text.ADC_DMACmd
                0x00000000       0x14 stm32f4xx_adc.o
 .text.ADC_DMARequestAfterLastTransferCmd
                0x00000000       0x14 stm32f4xx_adc.o
 .text.ADC_MultiModeDMARequestAfterLastTransferCmd
                0x00000000       0x1c stm32f4xx_adc.o
 .text.ADC_InjectedChannelConfig
                0x00000000       0x68 stm32f4xx_adc.o
 .text.ADC_InjectedSequencerLengthConfig
                0x00000000       0x10 stm32f4xx_adc.o
 .text.ADC_SetInjectedOffset
                0x00000000       0x18 stm32f4xx_adc.o
 .text.ADC_ExternalTrigInjectedConvConfig
                0x00000000        0xc stm32f4xx_adc.o
 .text.ADC_ExternalTrigInjectedConvEdgeConfig
                0x00000000        0xc stm32f4xx_adc.o
 .text.ADC_SoftwareStartInjectedConv
                0x00000000        0xc stm32f4xx_adc.o
 .text.ADC_GetSoftwareStartInjectedConvCmdStatus
                0x00000000        0x8 stm32f4xx_adc.o
 .text.ADC_AutoInjectedConvCmd
                0x00000000       0x14 stm32f4xx_adc.o
 .text.ADC_InjectedDiscModeCmd
                0x00000000       0x14 stm32f4xx_adc.o
 .text.ADC_GetInjectedConversionValue
                0x00000000       0x1c stm32f4xx_adc.o
 .text.ADC_ITConfig
                0x00000000       0x1c stm32f4xx_adc.o
 .text.ADC_GetFlagStatus
                0x00000000        0xc stm32f4xx_adc.o
 .text.ADC_ClearFlag
                0x00000000        0x8 stm32f4xx_adc.o
 .text.ADC_GetITStatus
                0x00000000       0x1c stm32f4xx_adc.o
 .text.ADC_ClearITPendingBit
                0x00000000        0x8 stm32f4xx_adc.o
 .comment       0x00000000       0x13 stm32f4xx_adc.o
 .ARM.attributes
                0x00000000       0x34 stm32f4xx_adc.o
 .text          0x00000000        0x0 stm32f4xx_exti.o
 .data          0x00000000        0x0 stm32f4xx_exti.o
 .bss           0x00000000        0x0 stm32f4xx_exti.o
 .text.EXTI_DeInit
                0x00000000       0x1c stm32f4xx_exti.o
 .text.EXTI_StructInit
                0x00000000       0x10 stm32f4xx_exti.o
 .text.EXTI_GenerateSWInterrupt
                0x00000000       0x10 stm32f4xx_exti.o
 .text.EXTI_GetFlagStatus
                0x00000000       0x14 stm32f4xx_exti.o
 .text.EXTI_ClearFlag
                0x00000000        0xc stm32f4xx_exti.o
 .text          0x00000000        0x0 stm32f4xx_gpio.o
 .data          0x00000000        0x0 stm32f4xx_gpio.o
 .bss           0x00000000        0x0 stm32f4xx_gpio.o
 .text.GPIO_DeInit
                0x00000000       0xb8 stm32f4xx_gpio.o
 .text.GPIO_StructInit
                0x00000000        0xc stm32f4xx_gpio.o
 .text.GPIO_PinLockConfig
                0x00000000       0x24 stm32f4xx_gpio.o
 .text.GPIO_ReadInputData
                0x00000000        0x8 stm32f4xx_gpio.o
 .text.GPIO_ReadOutputDataBit
                0x00000000        0xc stm32f4xx_gpio.o
 .text.GPIO_ReadOutputData
                0x00000000        0x8 stm32f4xx_gpio.o
 .text.GPIO_WriteBit
                0x00000000        0x8 stm32f4xx_gpio.o
 .text.GPIO_Write
                0x00000000        0x4 stm32f4xx_gpio.o
 .text.GPIO_ToggleBits
                0x00000000        0x8 stm32f4xx_gpio.o
 .text          0x00000000        0x0 stm32f4xx_i2c.o
 .data          0x00000000        0x0 stm32f4xx_i2c.o
 .bss           0x00000000        0x0 stm32f4xx_i2c.o
 .text.I2C_DeInit
                0x00000000       0x6c stm32f4xx_i2c.o
 .text.I2C_Init
                0x00000000       0xd0 stm32f4xx_i2c.o
 .text.I2C_StructInit
                0x00000000       0x20 stm32f4xx_i2c.o
 .text.I2C_Cmd  0x00000000       0x18 stm32f4xx_i2c.o
 .text.I2C_AnalogFilterCmd
                0x00000000       0x18 stm32f4xx_i2c.o
 .text.I2C_DigitalFilterConfig
                0x00000000       0x14 stm32f4xx_i2c.o
 .text.I2C_GenerateSTART
                0x00000000       0x18 stm32f4xx_i2c.o
 .text.I2C_GenerateSTOP
                0x00000000       0x18 stm32f4xx_i2c.o
 .text.I2C_Send7bitAddress
                0x00000000       0x14 stm32f4xx_i2c.o
 .text.I2C_AcknowledgeConfig
                0x00000000       0x18 stm32f4xx_i2c.o
 .text.I2C_OwnAddress2Config
                0x00000000       0x14 stm32f4xx_i2c.o
 .text.I2C_DualAddressCmd
                0x00000000       0x18 stm32f4xx_i2c.o
 .text.I2C_GeneralCallCmd
                0x00000000       0x18 stm32f4xx_i2c.o
 .text.I2C_SoftwareResetCmd
                0x00000000       0x14 stm32f4xx_i2c.o
 .text.I2C_StretchClockCmd
                0x00000000       0x18 stm32f4xx_i2c.o
 .text.I2C_FastModeDutyCycleConfig
                0x00000000       0x18 stm32f4xx_i2c.o
 .text.I2C_NACKPositionConfig
                0x00000000       0x18 stm32f4xx_i2c.o
 .text.I2C_SMBusAlertConfig
                0x00000000       0x18 stm32f4xx_i2c.o
 .text.I2C_ARPCmd
                0x00000000       0x18 stm32f4xx_i2c.o
 .text.I2C_SendData
                0x00000000        0x4 stm32f4xx_i2c.o
 .text.I2C_ReceiveData
                0x00000000        0x8 stm32f4xx_i2c.o
 .text.I2C_TransmitPEC
                0x00000000       0x18 stm32f4xx_i2c.o
 .text.I2C_PECPositionConfig
                0x00000000       0x18 stm32f4xx_i2c.o
 .text.I2C_CalculatePEC
                0x00000000       0x18 stm32f4xx_i2c.o
 .text.I2C_GetPEC
                0x00000000        0x8 stm32f4xx_i2c.o
 .text.I2C_DMACmd
                0x00000000       0x18 stm32f4xx_i2c.o
 .text.I2C_DMALastTransferCmd
                0x00000000       0x18 stm32f4xx_i2c.o
 .text.I2C_ReadRegister
                0x00000000       0x18 stm32f4xx_i2c.o
 .text.I2C_ITConfig
                0x00000000       0x14 stm32f4xx_i2c.o
 .text.I2C_CheckEvent
                0x00000000       0x18 stm32f4xx_i2c.o
 .text.I2C_GetLastEvent
                0x00000000       0x10 stm32f4xx_i2c.o
 .text.I2C_GetFlagStatus
                0x00000000       0x38 stm32f4xx_i2c.o
 .text.I2C_ClearFlag
                0x00000000        0x8 stm32f4xx_i2c.o
 .text.I2C_GetITStatus
                0x00000000       0x1c stm32f4xx_i2c.o
 .text.I2C_ClearITPendingBit
                0x00000000        0x8 stm32f4xx_i2c.o
 .comment       0x00000000       0x13 stm32f4xx_i2c.o
 .ARM.attributes
                0x00000000       0x34 stm32f4xx_i2c.o
 .text          0x00000000        0x0 stm32f4xx_rcc.o
 .data          0x00000000        0x0 stm32f4xx_rcc.o
 .bss           0x00000000        0x0 stm32f4xx_rcc.o
 .text.RCC_DeInit
                0x00000000       0x44 stm32f4xx_rcc.o
 .text.RCC_HSEConfig
                0x00000000       0x10 stm32f4xx_rcc.o
 .text.RCC_WaitForHSEStartUp
                0x00000000       0x34 stm32f4xx_rcc.o
 .text.RCC_AdjustHSICalibrationValue
                0x00000000       0x14 stm32f4xx_rcc.o
 .text.RCC_HSICmd
                0x00000000        0xc stm32f4xx_rcc.o
 .text.RCC_LSEConfig
                0x00000000       0x28 stm32f4xx_rcc.o
 .text.RCC_LSICmd
                0x00000000        0xc stm32f4xx_rcc.o
 .text.RCC_PLLConfig
                0x00000000       0x24 stm32f4xx_rcc.o
 .text.RCC_PLLCmd
                0x00000000        0xc stm32f4xx_rcc.o
 .text.RCC_PLLI2SConfig
                0x00000000       0x14 stm32f4xx_rcc.o
 .text.RCC_PLLI2SCmd
                0x00000000        0xc stm32f4xx_rcc.o
 .text.RCC_ClockSecuritySystemCmd
                0x00000000        0xc stm32f4xx_rcc.o
 .text.RCC_MCO1Config
                0x00000000       0x14 stm32f4xx_rcc.o
 .text.RCC_MCO2Config
                0x00000000       0x14 stm32f4xx_rcc.o
 .text.RCC_SYSCLKConfig
                0x00000000       0x14 stm32f4xx_rcc.o
 .text.RCC_GetSYSCLKSource
                0x00000000       0x10 stm32f4xx_rcc.o
 .text.RCC_HCLKConfig
                0x00000000       0x14 stm32f4xx_rcc.o
 .text.RCC_PCLK1Config
                0x00000000       0x14 stm32f4xx_rcc.o
 .text.RCC_PCLK2Config
                0x00000000       0x14 stm32f4xx_rcc.o
 .text.RCC_RTCCLKConfig
                0x00000000       0x30 stm32f4xx_rcc.o
 .text.RCC_RTCCLKCmd
                0x00000000        0xc stm32f4xx_rcc.o
 .text.RCC_BackupResetCmd
                0x00000000        0xc stm32f4xx_rcc.o
 .text.RCC_I2SCLKConfig
                0x00000000        0xc stm32f4xx_rcc.o
 .text.RCC_TIMCLKPresConfig
                0x00000000        0xc stm32f4xx_rcc.o
 .text.RCC_AHB3PeriphClockCmd
                0x00000000       0x18 stm32f4xx_rcc.o
 .text.RCC_AHB1PeriphResetCmd
                0x00000000       0x18 stm32f4xx_rcc.o
 .text.RCC_AHB2PeriphResetCmd
                0x00000000       0x18 stm32f4xx_rcc.o
 .text.RCC_AHB3PeriphResetCmd
                0x00000000       0x18 stm32f4xx_rcc.o
 .text.RCC_APB2PeriphResetCmd
                0x00000000       0x18 stm32f4xx_rcc.o
 .text.RCC_AHB1PeriphClockLPModeCmd
                0x00000000       0x18 stm32f4xx_rcc.o
 .text.RCC_AHB2PeriphClockLPModeCmd
                0x00000000       0x18 stm32f4xx_rcc.o
 .text.RCC_AHB3PeriphClockLPModeCmd
                0x00000000       0x18 stm32f4xx_rcc.o
 .text.RCC_APB1PeriphClockLPModeCmd
                0x00000000       0x18 stm32f4xx_rcc.o
 .text.RCC_APB2PeriphClockLPModeCmd
                0x00000000       0x18 stm32f4xx_rcc.o
 .text.RCC_ITConfig
                0x00000000       0x18 stm32f4xx_rcc.o
 .text.RCC_GetFlagStatus
                0x00000000       0x34 stm32f4xx_rcc.o
 .text.RCC_ClearFlag
                0x00000000       0x10 stm32f4xx_rcc.o
 .text.RCC_GetITStatus
                0x00000000       0x14 stm32f4xx_rcc.o
 .text.RCC_ClearITPendingBit
                0x00000000        0xc stm32f4xx_rcc.o
 .text          0x00000000        0x0 stm32f4xx_spi.o
 .data          0x00000000        0x0 stm32f4xx_spi.o
 .bss           0x00000000        0x0 stm32f4xx_spi.o
 .text.SPI_I2S_DeInit
                0x00000000       0x8c stm32f4xx_spi.o
 .text.SPI_Init
                0x00000000       0x54 stm32f4xx_spi.o
 .text.I2S_Init
                0x00000000       0xd0 stm32f4xx_spi.o
 .text.SPI_StructInit
                0x00000000       0x10 stm32f4xx_spi.o
 .text.I2S_StructInit
                0x00000000       0x10 stm32f4xx_spi.o
 .text.SPI_Cmd  0x00000000       0x18 stm32f4xx_spi.o
 .text.I2S_Cmd  0x00000000       0x18 stm32f4xx_spi.o
 .text.SPI_DataSizeConfig
                0x00000000       0x14 stm32f4xx_spi.o
 .text.SPI_BiDirectionalLineConfig
                0x00000000       0x18 stm32f4xx_spi.o
 .text.SPI_NSSInternalSoftwareConfig
                0x00000000       0x14 stm32f4xx_spi.o
 .text.SPI_SSOutputCmd
                0x00000000       0x18 stm32f4xx_spi.o
 .text.SPI_TIModeCmd
                0x00000000       0x18 stm32f4xx_spi.o
 .text.I2S_FullDuplexConfig
                0x00000000       0x50 stm32f4xx_spi.o
 .text.SPI_I2S_ReceiveData
                0x00000000        0x8 stm32f4xx_spi.o
 .text.SPI_I2S_SendData
                0x00000000        0x4 stm32f4xx_spi.o
 .text.SPI_CalculateCRC
                0x00000000       0x18 stm32f4xx_spi.o
 .text.SPI_TransmitCRC
                0x00000000        0xc stm32f4xx_spi.o
 .text.SPI_GetCRC
                0x00000000        0xc stm32f4xx_spi.o
 .text.SPI_GetCRCPolynomial
                0x00000000        0x8 stm32f4xx_spi.o
 .text.SPI_I2S_DMACmd
                0x00000000       0x14 stm32f4xx_spi.o
 .text.SPI_I2S_ITConfig
                0x00000000       0x1c stm32f4xx_spi.o
 .text.SPI_I2S_GetFlagStatus
                0x00000000        0xc stm32f4xx_spi.o
 .text.SPI_I2S_ClearFlag
                0x00000000        0x8 stm32f4xx_spi.o
 .text.SPI_I2S_GetITStatus
                0x00000000       0x28 stm32f4xx_spi.o
 .text.SPI_I2S_ClearITPendingBit
                0x00000000       0x10 stm32f4xx_spi.o
 .comment       0x00000000       0x13 stm32f4xx_spi.o
 .ARM.attributes
                0x00000000       0x34 stm32f4xx_spi.o
 .text          0x00000000        0x0 stm32f4xx_syscfg.o
 .data          0x00000000        0x0 stm32f4xx_syscfg.o
 .bss           0x00000000        0x0 stm32f4xx_syscfg.o
 .text.SYSCFG_DeInit
                0x00000000       0x1c stm32f4xx_syscfg.o
 .text.SYSCFG_MemoryRemapConfig
                0x00000000        0xc stm32f4xx_syscfg.o
 .text.SYSCFG_MemorySwappingBank
                0x00000000        0xc stm32f4xx_syscfg.o
 .text.SYSCFG_ETH_MediaInterfaceConfig
                0x00000000        0xc stm32f4xx_syscfg.o
 .text.SYSCFG_CompensationCellCmd
                0x00000000        0xc stm32f4xx_syscfg.o
 .text.SYSCFG_GetCompensationCellStatus
                0x00000000       0x10 stm32f4xx_syscfg.o
 .text          0x00000000        0x0 stm32f4xx_tim.o
 .data          0x00000000        0x0 stm32f4xx_tim.o
 .bss           0x00000000        0x0 stm32f4xx_tim.o
 .text.TIM_DeInit
                0x00000000       0xfc stm32f4xx_tim.o
 .text.TIM_TimeBaseInit
                0x00000000       0x70 stm32f4xx_tim.o
 .text.TIM_TimeBaseStructInit
                0x00000000       0x10 stm32f4xx_tim.o
 .text.TIM_PrescalerConfig
                0x00000000        0x8 stm32f4xx_tim.o
 .text.TIM_CounterModeConfig
                0x00000000       0x10 stm32f4xx_tim.o
 .text.TIM_SetCounter
                0x00000000        0x4 stm32f4xx_tim.o
 .text.TIM_SetAutoreload
                0x00000000        0x4 stm32f4xx_tim.o
 .text.TIM_GetCounter
                0x00000000        0x4 stm32f4xx_tim.o
 .text.TIM_GetPrescaler
                0x00000000        0x8 stm32f4xx_tim.o
 .text.TIM_UpdateDisableConfig
                0x00000000       0x18 stm32f4xx_tim.o
 .text.TIM_UpdateRequestConfig
                0x00000000       0x18 stm32f4xx_tim.o
 .text.TIM_ARRPreloadConfig
                0x00000000       0x18 stm32f4xx_tim.o
 .text.TIM_SelectOnePulseMode
                0x00000000       0x14 stm32f4xx_tim.o
 .text.TIM_SetClockDivision
                0x00000000       0x14 stm32f4xx_tim.o
 .text.TIM_Cmd  0x00000000       0x18 stm32f4xx_tim.o
 .text.TIM_OC1Init
                0x00000000       0x68 stm32f4xx_tim.o
 .text.TIM_OC2Init
                0x00000000       0x7c stm32f4xx_tim.o
 .text.TIM_OC3Init
                0x00000000       0x74 stm32f4xx_tim.o
 .text.TIM_OC4Init
                0x00000000       0x60 stm32f4xx_tim.o
 .text.TIM_OCStructInit
                0x00000000       0x10 stm32f4xx_tim.o
 .text.TIM_SelectOCxM
                0x00000000       0x64 stm32f4xx_tim.o
 .text.TIM_SetCompare1
                0x00000000        0x4 stm32f4xx_tim.o
 .text.TIM_SetCompare2
                0x00000000        0x4 stm32f4xx_tim.o
 .text.TIM_SetCompare3
                0x00000000        0x4 stm32f4xx_tim.o
 .text.TIM_SetCompare4
                0x00000000        0x4 stm32f4xx_tim.o
 .text.TIM_ForcedOC1Config
                0x00000000       0x10 stm32f4xx_tim.o
 .text.TIM_ForcedOC2Config
                0x00000000       0x14 stm32f4xx_tim.o
 .text.TIM_ForcedOC3Config
                0x00000000       0x10 stm32f4xx_tim.o
 .text.TIM_ForcedOC4Config
                0x00000000       0x14 stm32f4xx_tim.o
 .text.TIM_OC1PreloadConfig
                0x00000000       0x10 stm32f4xx_tim.o
 .text.TIM_OC2PreloadConfig
                0x00000000       0x14 stm32f4xx_tim.o
 .text.TIM_OC3PreloadConfig
                0x00000000       0x10 stm32f4xx_tim.o
 .text.TIM_OC4PreloadConfig
                0x00000000       0x14 stm32f4xx_tim.o
 .text.TIM_OC1FastConfig
                0x00000000       0x10 stm32f4xx_tim.o
 .text.TIM_OC2FastConfig
                0x00000000       0x14 stm32f4xx_tim.o
 .text.TIM_OC3FastConfig
                0x00000000       0x10 stm32f4xx_tim.o
 .text.TIM_OC4FastConfig
                0x00000000       0x14 stm32f4xx_tim.o
 .text.TIM_ClearOC1Ref
                0x00000000       0x10 stm32f4xx_tim.o
 .text.TIM_ClearOC2Ref
                0x00000000       0x10 stm32f4xx_tim.o
 .text.TIM_ClearOC3Ref
                0x00000000       0x10 stm32f4xx_tim.o
 .text.TIM_ClearOC4Ref
                0x00000000       0x10 stm32f4xx_tim.o
 .text.TIM_OC1PolarityConfig
                0x00000000       0x10 stm32f4xx_tim.o
 .text.TIM_OC1NPolarityConfig
                0x00000000       0x10 stm32f4xx_tim.o
 .text.TIM_OC2PolarityConfig
                0x00000000       0x14 stm32f4xx_tim.o
 .text.TIM_OC2NPolarityConfig
                0x00000000       0x14 stm32f4xx_tim.o
 .text.TIM_OC3PolarityConfig
                0x00000000       0x14 stm32f4xx_tim.o
 .text.TIM_OC3NPolarityConfig
                0x00000000       0x14 stm32f4xx_tim.o
 .text.TIM_OC4PolarityConfig
                0x00000000       0x14 stm32f4xx_tim.o
 .text.TIM_CCxCmd
                0x00000000       0x20 stm32f4xx_tim.o
 .text.TIM_CCxNCmd
                0x00000000       0x20 stm32f4xx_tim.o
 .text.TIM_ICInit
                0x00000000      0x134 stm32f4xx_tim.o
 .text.TIM_ICStructInit
                0x00000000        0xc stm32f4xx_tim.o
 .text.TIM_PWMIConfig
                0x00000000      0x140 stm32f4xx_tim.o
 .text.TIM_GetCapture1
                0x00000000        0x4 stm32f4xx_tim.o
 .text.TIM_GetCapture2
                0x00000000        0x4 stm32f4xx_tim.o
 .text.TIM_GetCapture3
                0x00000000        0x4 stm32f4xx_tim.o
 .text.TIM_GetCapture4
                0x00000000        0x4 stm32f4xx_tim.o
 .text.TIM_SetIC1Prescaler
                0x00000000       0x14 stm32f4xx_tim.o
 .text.TIM_SetIC2Prescaler
                0x00000000       0x18 stm32f4xx_tim.o
 .text.TIM_SetIC3Prescaler
                0x00000000       0x14 stm32f4xx_tim.o
 .text.TIM_SetIC4Prescaler
                0x00000000       0x18 stm32f4xx_tim.o
 .text.TIM_BDTRConfig
                0x00000000       0x2c stm32f4xx_tim.o
 .text.TIM_BDTRStructInit
                0x00000000        0xc stm32f4xx_tim.o
 .text.TIM_CtrlPWMOutputs
                0x00000000       0x14 stm32f4xx_tim.o
 .text.TIM_SelectCOM
                0x00000000       0x18 stm32f4xx_tim.o
 .text.TIM_CCPreloadControl
                0x00000000       0x18 stm32f4xx_tim.o
 .text.TIM_ITConfig
                0x00000000       0x14 stm32f4xx_tim.o
 .text.TIM_GenerateEvent
                0x00000000        0x4 stm32f4xx_tim.o
 .text.TIM_GetFlagStatus
                0x00000000        0xc stm32f4xx_tim.o
 .text.TIM_ClearFlag
                0x00000000        0x8 stm32f4xx_tim.o
 .text.TIM_GetITStatus
                0x00000000       0x14 stm32f4xx_tim.o
 .text.TIM_ClearITPendingBit
                0x00000000        0x8 stm32f4xx_tim.o
 .text.TIM_DMAConfig
                0x00000000        0x8 stm32f4xx_tim.o
 .text.TIM_DMACmd
                0x00000000       0x14 stm32f4xx_tim.o
 .text.TIM_SelectCCDMA
                0x00000000       0x18 stm32f4xx_tim.o
 .text.TIM_InternalClockConfig
                0x00000000        0xc stm32f4xx_tim.o
 .text.TIM_ITRxExternalClockConfig
                0x00000000       0x18 stm32f4xx_tim.o
 .text.TIM_TIxExternalClockConfig
                0x00000000       0x80 stm32f4xx_tim.o
 .text.TIM_ETRClockMode1Config
                0x00000000       0x28 stm32f4xx_tim.o
 .text.TIM_ETRClockMode2Config
                0x00000000       0x20 stm32f4xx_tim.o
 .text.TIM_SelectInputTrigger
                0x00000000       0x10 stm32f4xx_tim.o
 .text.TIM_SelectOutputTrigger
                0x00000000       0x14 stm32f4xx_tim.o
 .text.TIM_SelectSlaveMode
                0x00000000       0x14 stm32f4xx_tim.o
 .text.TIM_SelectMasterSlaveMode
                0x00000000       0x14 stm32f4xx_tim.o
 .text.TIM_ETRConfig
                0x00000000       0x18 stm32f4xx_tim.o
 .text.TIM_EncoderInterfaceConfig
                0x00000000       0x3c stm32f4xx_tim.o
 .text.TIM_SelectHallSensor
                0x00000000       0x18 stm32f4xx_tim.o
 .text.TIM_RemapConfig
                0x00000000        0x4 stm32f4xx_tim.o
 .comment       0x00000000       0x13 stm32f4xx_tim.o
 .ARM.attributes
                0x00000000       0x34 stm32f4xx_tim.o
 .text          0x00000000        0x0 stm32f4xx_usart.o
 .data          0x00000000        0x0 stm32f4xx_usart.o
 .bss           0x00000000        0x0 stm32f4xx_usart.o
 .text.USART_DeInit
                0x00000000       0x64 stm32f4xx_usart.o
 .text.USART_StructInit
                0x00000000       0x14 stm32f4xx_usart.o
 .text.USART_ClockInit
                0x00000000       0x24 stm32f4xx_usart.o
 .text.USART_ClockStructInit
                0x00000000        0x8 stm32f4xx_usart.o
 .text.USART_SetPrescaler
                0x00000000       0x10 stm32f4xx_usart.o
 .text.USART_OverSampling8Cmd
                0x00000000       0x14 stm32f4xx_usart.o
 .text.USART_OneBitMethodCmd
                0x00000000       0x18 stm32f4xx_usart.o
 .text.USART_SetAddress
                0x00000000       0x14 stm32f4xx_usart.o
 .text.USART_ReceiverWakeUpCmd
                0x00000000       0x18 stm32f4xx_usart.o
 .text.USART_WakeUpConfig
                0x00000000       0x14 stm32f4xx_usart.o
 .text.USART_LINBreakDetectLengthConfig
                0x00000000       0x14 stm32f4xx_usart.o
 .text.USART_LINCmd
                0x00000000       0x18 stm32f4xx_usart.o
 .text.USART_SendBreak
                0x00000000        0xc stm32f4xx_usart.o
 .text.USART_HalfDuplexCmd
                0x00000000       0x18 stm32f4xx_usart.o
 .text.USART_SetGuardTime
                0x00000000       0x10 stm32f4xx_usart.o
 .text.USART_SmartCardCmd
                0x00000000       0x18 stm32f4xx_usart.o
 .text.USART_SmartCardNACKCmd
                0x00000000       0x18 stm32f4xx_usart.o
 .text.USART_IrDAConfig
                0x00000000       0x14 stm32f4xx_usart.o
 .text.USART_IrDACmd
                0x00000000       0x18 stm32f4xx_usart.o
 .text.USART_DMACmd
                0x00000000       0x14 stm32f4xx_usart.o
 .text.USART_ClearFlag
                0x00000000        0x8 stm32f4xx_usart.o
 .text.USART_ClearITPendingBit
                0x00000000       0x10 stm32f4xx_usart.o
 .text          0x00000000        0x0 system_stm32f4xx.o
 .data          0x00000000        0x0 system_stm32f4xx.o
 .bss           0x00000000        0x0 system_stm32f4xx.o
 .text          0x00000000        0x0 usart.o
 .data          0x00000000        0x0 usart.o
 .bss           0x00000000        0x0 usart.o
 .text.uart_flush
                0x00000000       0x34 usart.o
 .text          0x00000000        0x0 usb_bsp.o
 .data          0x00000000        0x0 usb_bsp.o
 .bss           0x00000000        0x0 usb_bsp.o
 .text          0x00000000        0x0 usb_core.o
 .data          0x00000000        0x0 usb_core.o
 .bss           0x00000000        0x0 usb_core.o
 .text.USB_OTG_FlushRxFifo
                0x00000000       0x38 usb_core.o
 .text.USB_OTG_GetMode
                0x00000000        0xc usb_core.o
 .text.USB_OTG_IsHostMode
                0x00000000        0xc usb_core.o
 .text.USB_OTG_ReadOtgItr
                0x00000000        0x8 usb_core.o
 .text.USB_OTG_InitDevSpeed
                0x00000000        0xc usb_core.o
 .text.USB_OTG_ActiveRemoteWakeup
                0x00000000       0x44 usb_core.o
 .text.USB_OTG_UngateClock
                0x00000000       0x20 usb_core.o
 .text.USB_OTG_StopDevice
                0x00000000       0x9c usb_core.o
 .text.USB_OTG_GetEPStatus
                0x00000000       0x4c usb_core.o
 .text.USB_OTG_SetEPStatus
                0x00000000       0xb8 usb_core.o
 .text          0x00000000        0x0 usb_dcd.o
 .data          0x00000000        0x0 usb_dcd.o
 .bss           0x00000000        0x0 usb_dcd.o
 .text.DCD_EP_Flush
                0x00000000       0x1c usb_dcd.o
 .text.DCD_DevConnect
                0x00000000       0x14 usb_dcd.o
 .text.DCD_DevDisconnect
                0x00000000       0x14 usb_dcd.o
 .text.DCD_GetEPStatus
                0x00000000       0x24 usb_dcd.o
 .text.DCD_SetEPStatus
                0x00000000       0x24 usb_dcd.o
 .text          0x00000000        0x0 usb_dcd_int.o
 .data          0x00000000        0x0 usb_dcd_int.o
 .bss           0x00000000        0x0 usb_dcd_int.o
 .text          0x00000000        0x0 usbd_cdc_core.o
 .data          0x00000000        0x0 usbd_cdc_core.o
 .bss           0x00000000        0x0 usbd_cdc_core.o
 .bss.usbd_cdc_OtherCfgDesc
                0x00000000       0x43 usbd_cdc_core.o
 .text          0x00000000        0x0 usbd_cdc_vcp.o
 .data          0x00000000        0x0 usbd_cdc_vcp.o
 .bss           0x00000000        0x0 usbd_cdc_vcp.o
 .text.VCP_puts
                0x00000000       0x40 usbd_cdc_vcp.o
 .text.VCP_gets
                0x00000000       0xb4 usbd_cdc_vcp.o
 .text          0x00000000        0x0 usbd_core.o
 .data          0x00000000        0x0 usbd_core.o
 .bss           0x00000000        0x0 usbd_core.o
 .text.USBD_DeInit
                0x00000000        0x4 usbd_core.o
 .text          0x00000000        0x0 usbd_desc.o
 .data          0x00000000        0x0 usbd_desc.o
 .bss           0x00000000        0x0 usbd_desc.o
 .data.USBD_DeviceQualifierDesc
                0x00000000        0xa usbd_desc.o
 .text          0x00000000        0x0 usbd_ioreq.o
 .data          0x00000000        0x0 usbd_ioreq.o
 .bss           0x00000000        0x0 usbd_ioreq.o
 .text.USBD_GetRxCount
                0x00000000       0x10 usbd_ioreq.o
 .text          0x00000000        0x0 usbd_req.o
 .data          0x00000000        0x0 usbd_req.o
 .bss           0x00000000        0x0 usbd_req.o
 .text          0x00000000        0x0 usbd_usr.o
 .data          0x00000000        0x0 usbd_usr.o
 .bss           0x00000000        0x0 usbd_usr.o

Memory Configuration

Name             Origin             Length             Attributes
FLASH            0x08000000         0x00040000         xr
RAM              0x20000000         0x00010000         xrw
CCM_RAM          0x10000000         0x00000000         xrw
*default*        0x00000000         0xffffffff

Linker script and memory map

                0x00002000                        _stack_size = 0x2000
                0x20010000                        _stack_start = (ORIGIN (RAM) + LENGTH (RAM))
                0x2000e000                        _stack_end = (_stack_start - _stack_size)
                0x20001594                        _heap_start = _ebss
                0x2000e000                        _heap_end = _stack_end
                0x0000ca6c                        _heap_size = (_stack_end - _ebss)

.isr_vector     0x08000000      0x188
                0x08000000                        . = ALIGN (0x4)
 *(.isr_vector)
 .isr_vector    0x08000000      0x188 stm32f4_vector.o
                0x08000000                g_pfnVectors
                0x08000188                        . = ALIGN (0x4)

.text           0x08000188     0x30e0
 *(.text)
 *(.text.*)
 .text.putchar  0x08000188        0x8 libc.o
                0x08000188                putchar
 .text.kbhit    0x08000190       0x10 libc.o
                0x08000190                kbhit
 .text.getchar  0x080001a0        0xc libc.o
                0x080001a0                getchar
 .text.memcpy   0x080001ac       0x14 libc.o
                0x080001ac                memcpy
 .text.memset   0x080001c0       0x14 libc.o
                0x080001c0                memset
 .text.send_serial_data
                0x080001d4      0x138 main.o
                0x080001d4                send_serial_data
 .text.taskAsyncIRQ
                0x0800030c       0x48 main.o
                0x0800030c                taskAsyncIRQ
 .text.task_add
                0x08000354       0x2c main.o
                0x08000354                task_add
 .text.task_schedule
                0x08000380       0x28 main.o
                0x08000380                task_schedule
 .text.EXTI0_IRQHandler
                0x080003a8       0x20 main.o
                0x080003a8                EXTI0_IRQHandler
 .text.EXTI1_IRQHandler
                0x080003c8       0x20 main.o
                0x080003c8                EXTI1_IRQHandler
 .text.EXTI2_IRQHandler
                0x080003e8       0x20 main.o
                0x080003e8                EXTI2_IRQHandler
 .text.EXTI3_IRQHandler
                0x08000408       0x20 main.o
                0x08000408                EXTI3_IRQHandler
 .text.configure_PA0_irq
                0x08000428       0x58 main.o
                0x08000428                configure_PA0_irq
 .text.configure_PA1_irq
                0x08000480       0x58 main.o
                0x08000480                configure_PA1_irq
 .text.configure_PA2_irq
                0x080004d8       0x58 main.o
                0x080004d8                configure_PA2_irq
 .text.configure_PA3_irq
                0x08000530       0x58 main.o
                0x08000530                configure_PA3_irq
 .text.configure_gpio_irq
                0x08000588       0x28 main.o
                0x08000588                configure_gpio_irq
 .text.process_command
                0x080005b0       0xec main.o
                0x080005b0                process_command
 .text.taskProcessCommand.part.0
                0x0800069c       0x70 main.o
 .text.taskProcessCommand
                0x0800070c       0x14 main.o
                0x0800070c                taskProcessCommand
 .text.configure_output_pins
                0x08000720       0x28 main.o
                0x08000720                configure_output_pins
 .text.configure_input_pins
                0x08000748       0x28 main.o
                0x08000748                configure_input_pins
 .text.startup.main
                0x08000770       0x48 main.o
                0x08000770                main
 .text.NVIC_PriorityGroupConfig
                0x080007b8       0x14 misc.o
                0x080007b8                NVIC_PriorityGroupConfig
 .text.NVIC_Init
                0x080007cc       0x60 misc.o
                0x080007cc                NVIC_Init
 .text.Dummy_Handler
                0x0800082c        0x4 stm32f4_vector.o
                0x0800082c                RTC_Alarm_IRQHandler
                0x0800082c                HASH_RNG_IRQHandler
                0x0800082c                TIM8_CC_IRQHandler
                0x0800082c                DebugMon_Handler
                0x0800082c                TIM1_CC_IRQHandler
                0x0800082c                DMA2_Stream5_IRQHandler
                0x0800082c                HardFault_Handler
                0x0800082c                DMA1_Stream5_IRQHandler
                0x0800082c                PVD_IRQHandler
                0x0800082c                SDIO_IRQHandler
                0x0800082c                TAMP_STAMP_IRQHandler
                0x0800082c                PendSV_Handler
                0x0800082c                NMI_Handler
                0x0800082c                CAN2_RX1_IRQHandler
                0x0800082c                TIM8_TRG_COM_TIM14_IRQHandler
                0x0800082c                TIM1_UP_TIM10_IRQHandler
                0x0800082c                TIM8_UP_TIM13_IRQHandler
                0x0800082c                I2C3_ER_IRQHandler
                0x0800082c                I2C2_EV_IRQHandler
                0x0800082c                DMA1_Stream2_IRQHandler
                0x0800082c                CAN1_RX0_IRQHandler
                0x0800082c                FPU_IRQHandler
                0x0800082c                OTG_HS_WKUP_IRQHandler
                0x0800082c                UsageFault_Handler
                0x0800082c                CAN2_SCE_IRQHandler
                0x0800082c                DMA2_Stream2_IRQHandler
                0x0800082c                SPI1_IRQHandler
                0x0800082c                TIM6_DAC_IRQHandler
                0x0800082c                TIM1_BRK_TIM9_IRQHandler
                0x0800082c                DCMI_IRQHandler
                0x0800082c                CAN2_RX0_IRQHandler
                0x0800082c                DMA2_Stream3_IRQHandler
                0x0800082c                USART3_IRQHandler
                0x0800082c                CRYP_IRQHandler
                0x0800082c                CAN1_RX1_IRQHandler
                0x0800082c                UART5_IRQHandler
                0x0800082c                DMA2_Stream0_IRQHandler
                0x0800082c                Dummy_Handler
                0x0800082c                TIM4_IRQHandler
                0x0800082c                I2C1_EV_IRQHandler
                0x0800082c                DMA1_Stream6_IRQHandler
                0x0800082c                DMA1_Stream1_IRQHandler
                0x0800082c                UART4_IRQHandler
                0x0800082c                TIM3_IRQHandler
                0x0800082c                RCC_IRQHandler
                0x0800082c                TIM8_BRK_TIM12_IRQHandler
                0x0800082c                EXTI15_10_IRQHandler
                0x0800082c                ADC_IRQHandler
                0x0800082c                DMA1_Stream7_IRQHandler
                0x0800082c                TIM7_IRQHandler
                0x0800082c                CAN2_TX_IRQHandler
                0x0800082c                TIM5_IRQHandler
                0x0800082c                DMA2_Stream7_IRQHandler
                0x0800082c                I2C3_EV_IRQHandler
                0x0800082c                EXTI9_5_IRQHandler
                0x0800082c                RTC_WKUP_IRQHandler
                0x0800082c                ETH_WKUP_IRQHandler
                0x0800082c                SPI2_IRQHandler
                0x0800082c                OTG_HS_EP1_IN_IRQHandler
                0x0800082c                MemManage_Handler
                0x0800082c                DMA1_Stream0_IRQHandler
                0x0800082c                CAN1_TX_IRQHandler
                0x0800082c                SVC_Handler
                0x0800082c                EXTI4_IRQHandler
                0x0800082c                FSMC_IRQHandler
                0x0800082c                ETH_IRQHandler
                0x0800082c                OTG_HS_EP1_OUT_IRQHandler
                0x0800082c                WWDG_IRQHandler
                0x0800082c                TIM2_IRQHandler
                0x0800082c                OTG_FS_WKUP_IRQHandler
                0x0800082c                TIM1_TRG_COM_TIM11_IRQHandler
                0x0800082c                OTG_HS_IRQHandler
                0x0800082c                I2C2_ER_IRQHandler
                0x0800082c                DMA2_Stream1_IRQHandler
                0x0800082c                CAN1_SCE_IRQHandler
                0x0800082c                FLASH_IRQHandler
                0x0800082c                DMA2_Stream4_IRQHandler
                0x0800082c                BusFault_Handler
                0x0800082c                SPI3_IRQHandler
                0x0800082c                DMA1_Stream4_IRQHandler
                0x0800082c                I2C1_ER_IRQHandler
                0x0800082c                DMA2_Stream6_IRQHandler
                0x0800082c                DMA1_Stream3_IRQHandler
 .text.SysTick_Handler
                0x08000830       0x1c stm32f4_vector.o
                0x08000830                SysTick_Handler
 .text.Reset_Handler
                0x0800084c       0x98 stm32f4_vector.o
                0x0800084c                Reset_Handler
 .text.delay_ms
                0x080008e4       0x28 stm32f4_vector.o
                0x080008e4                delay_ms
 .text._di      0x0800090c        0x4 stm32f4_vector.o
                0x0800090c                _di
 .text._ei      0x08000910        0x8 stm32f4_vector.o
                0x08000910                _ei
 .text.EXTI_Init
                0x08000918       0x70 stm32f4xx_exti.o
                0x08000918                EXTI_Init
 .text.EXTI_GetITStatus
                0x08000988       0x14 stm32f4xx_exti.o
                0x08000988                EXTI_GetITStatus
 .text.EXTI_ClearITPendingBit
                0x0800099c        0xc stm32f4xx_exti.o
                0x0800099c                EXTI_ClearITPendingBit
 .text.GPIO_Init
                0x080009a8       0x94 stm32f4xx_gpio.o
                0x080009a8                GPIO_Init
 .text.GPIO_ReadInputDataBit
                0x08000a3c        0xc stm32f4xx_gpio.o
                0x08000a3c                GPIO_ReadInputDataBit
 .text.GPIO_SetBits
                0x08000a48        0x4 stm32f4xx_gpio.o
                0x08000a48                GPIO_SetBits
 .text.GPIO_ResetBits
                0x08000a4c        0x8 stm32f4xx_gpio.o
                0x08000a4c                GPIO_ResetBits
 .text.GPIO_PinAFConfig
                0x08000a54       0x28 stm32f4xx_gpio.o
                0x08000a54                GPIO_PinAFConfig
 .text.RCC_GetClocksFreq
                0x08000a7c       0x8c stm32f4xx_rcc.o
                0x08000a7c                RCC_GetClocksFreq
 .text.RCC_AHB1PeriphClockCmd
                0x08000b08       0x18 stm32f4xx_rcc.o
                0x08000b08                RCC_AHB1PeriphClockCmd
 .text.RCC_AHB2PeriphClockCmd
                0x08000b20       0x18 stm32f4xx_rcc.o
                0x08000b20                RCC_AHB2PeriphClockCmd
 .text.RCC_APB1PeriphClockCmd
                0x08000b38       0x18 stm32f4xx_rcc.o
                0x08000b38                RCC_APB1PeriphClockCmd
 .text.RCC_APB2PeriphClockCmd
                0x08000b50       0x18 stm32f4xx_rcc.o
                0x08000b50                RCC_APB2PeriphClockCmd
 .text.RCC_APB1PeriphResetCmd
                0x08000b68       0x18 stm32f4xx_rcc.o
                0x08000b68                RCC_APB1PeriphResetCmd
 .text.SYSCFG_EXTILineConfig
                0x08000b80       0x2c stm32f4xx_syscfg.o
                0x08000b80                SYSCFG_EXTILineConfig
 .text.USART_Init
                0x08000bac       0xc0 stm32f4xx_usart.o
                0x08000bac                USART_Init
 .text.USART_Cmd
                0x08000c6c       0x18 stm32f4xx_usart.o
                0x08000c6c                USART_Cmd
 .text.USART_SendData
                0x08000c84        0x8 stm32f4xx_usart.o
                0x08000c84                USART_SendData
 .text.USART_ReceiveData
                0x08000c8c        0x8 stm32f4xx_usart.o
                0x08000c8c                USART_ReceiveData
 .text.USART_ITConfig
                0x08000c94       0x34 stm32f4xx_usart.o
                0x08000c94                USART_ITConfig
 .text.USART_GetFlagStatus
                0x08000cc8        0xc stm32f4xx_usart.o
                0x08000cc8                USART_GetFlagStatus
 .text.USART_GetITStatus
                0x08000cd4       0x3c stm32f4xx_usart.o
                0x08000cd4                USART_GetITStatus
 .text.SystemInit
                0x08000d10       0xf8 system_stm32f4xx.o
                0x08000d10                SystemInit
 .text.SystemCoreClockUpdate
                0x08000e08       0x70 system_stm32f4xx.o
                0x08000e08                SystemCoreClockUpdate
 .text.USART1_IRQHandler
                0x08000e78       0x60 usart.o
                0x08000e78                USART1_IRQHandler
 .text.USART2_IRQHandler
                0x08000ed8       0x64 usart.o
                0x08000ed8                USART2_IRQHandler
 .text.USART6_IRQHandler
                0x08000f3c       0x64 usart.o
                0x08000f3c                USART6_IRQHandler
 .text.uart_init
                0x08000fa0      0x230 usart.o
                0x08000fa0                uart_init
 .text.uart_rxsize
                0x080011d0       0x74 usart.o
                0x080011d0                uart_rxsize
 .text.uart_tx  0x08001244       0x74 usart.o
                0x08001244                uart_tx
 .text.uart_rx  0x080012b8      0x194 usart.o
                0x080012b8                uart_rx
 .text.USB_OTG_BSP_Init
                0x0800144c       0x8c usb_bsp.o
                0x0800144c                USB_OTG_BSP_Init
 .text.USB_OTG_BSP_EnableInterrupt
                0x080014d8       0x20 usb_bsp.o
                0x080014d8                USB_OTG_BSP_EnableInterrupt
 .text.USB_OTG_BSP_uDelay
                0x080014f8        0x4 usb_bsp.o
                0x080014f8                USB_OTG_BSP_uDelay
 .text.USB_OTG_BSP_mDelay
                0x080014fc        0x4 usb_bsp.o
                0x080014fc                USB_OTG_BSP_mDelay
 .text.OTG_FS_IRQHandler
                0x08001500        0xc usb_bsp.o
                0x08001500                OTG_FS_IRQHandler
 .text.USB_OTG_CoreReset.isra.0
                0x0800150c       0x54 usb_core.o
 .text.USB_OTG_WritePacket
                0x08001560       0x28 usb_core.o
                0x08001560                USB_OTG_WritePacket
 .text.USB_OTG_ReadPacket
                0x08001588       0x2c usb_core.o
                0x08001588                USB_OTG_ReadPacket
 .text.USB_OTG_SelectCore
                0x080015b4      0x120 usb_core.o
                0x080015b4                USB_OTG_SelectCore
 .text.USB_OTG_CoreInit
                0x080016d4       0xe8 usb_core.o
                0x080016d4                USB_OTG_CoreInit
 .text.USB_OTG_EnableGlobalInt
                0x080017bc       0x10 usb_core.o
                0x080017bc                USB_OTG_EnableGlobalInt
 .text.USB_OTG_DisableGlobalInt
                0x080017cc       0x10 usb_core.o
                0x080017cc                USB_OTG_DisableGlobalInt
 .text.USB_OTG_FlushTxFifo
                0x080017dc       0x40 usb_core.o
                0x080017dc                USB_OTG_FlushTxFifo
 .text.USB_OTG_SetCurrentMode
                0x0800181c       0x30 usb_core.o
                0x0800181c                USB_OTG_SetCurrentMode
 .text.USB_OTG_IsDeviceMode
                0x0800184c        0xc usb_core.o
                0x0800184c                USB_OTG_IsDeviceMode
 .text.USB_OTG_ReadCoreItr
                0x08001858        0xc usb_core.o
                0x08001858                USB_OTG_ReadCoreItr
 .text.USB_OTG_EnableDevInt
                0x08001864       0x3c usb_core.o
                0x08001864                USB_OTG_EnableDevInt
 .text.USB_OTG_CoreInitDev
                0x080018a0      0x130 usb_core.o
                0x080018a0                USB_OTG_CoreInitDev
 .text.USB_OTG_GetDeviceSpeed
                0x080019d0       0x1c usb_core.o
                0x080019d0                USB_OTG_GetDeviceSpeed
 .text.USB_OTG_EP0Activate
                0x080019ec       0x28 usb_core.o
                0x080019ec                USB_OTG_EP0Activate
 .text.USB_OTG_EPActivate
                0x08001a14       0x74 usb_core.o
                0x08001a14                USB_OTG_EPActivate
 .text.USB_OTG_EPDeactivate
                0x08001a88       0x38 usb_core.o
                0x08001a88                USB_OTG_EPDeactivate
 .text.USB_OTG_EPStartXfer
                0x08001ac0      0x160 usb_core.o
                0x08001ac0                USB_OTG_EPStartXfer
 .text.USB_OTG_EP0StartXfer
                0x08001c20       0xdc usb_core.o
                0x08001c20                USB_OTG_EP0StartXfer
 .text.USB_OTG_EPSetStall
                0x08001cfc       0x44 usb_core.o
                0x08001cfc                USB_OTG_EPSetStall
 .text.USB_OTG_EPClearStall
                0x08001d40       0x30 usb_core.o
                0x08001d40                USB_OTG_EPClearStall
 .text.USB_OTG_ReadDevAllOutEp_itr
                0x08001d70        0xc usb_core.o
                0x08001d70                USB_OTG_ReadDevAllOutEp_itr
 .text.USB_OTG_ReadDevOutEP_itr
                0x08001d7c       0x10 usb_core.o
                0x08001d7c                USB_OTG_ReadDevOutEP_itr
 .text.USB_OTG_ReadDevAllInEPItr
                0x08001d8c        0xc usb_core.o
                0x08001d8c                USB_OTG_ReadDevAllInEPItr
 .text.USB_OTG_EP0_OutStart
                0x08001d98       0x20 usb_core.o
                0x08001d98                USB_OTG_EP0_OutStart
 .text.DCD_Init
                0x08001db8       0x8c usb_dcd.o
                0x08001db8                DCD_Init
 .text.DCD_EP_Open
                0x08001e44       0x6c usb_dcd.o
                0x08001e44                DCD_EP_Open
 .text.DCD_EP_Close
                0x08001eb0       0x34 usb_dcd.o
                0x08001eb0                DCD_EP_Close
 .text.DCD_EP_PrepareRx
                0x08001ee4       0x4c usb_dcd.o
                0x08001ee4                DCD_EP_PrepareRx
 .text.DCD_EP_Tx
                0x08001f30       0x44 usb_dcd.o
                0x08001f30                DCD_EP_Tx
 .text.DCD_EP_Stall
                0x08001f74       0x3c usb_dcd.o
                0x08001f74                DCD_EP_Stall
 .text.DCD_EP_ClrStall
                0x08001fb0       0x34 usb_dcd.o
                0x08001fb0                DCD_EP_ClrStall
 .text.DCD_EP_SetAddress
                0x08001fe4       0x10 usb_dcd.o
                0x08001fe4                DCD_EP_SetAddress
 .text.USBD_OTG_ISR_Handler
                0x08001ff4      0x510 usb_dcd_int.o
                0x08001ff4                USBD_OTG_ISR_Handler
 .text.usbd_cdc_EP0_RxReady
                0x08002504       0x30 usbd_cdc_core.o
 .text.USBD_cdc_GetCfgDesc
                0x08002534        0xc usbd_cdc_core.o
 .text.usbd_cdc_SOF
                0x08002540       0x98 usbd_cdc_core.o
 .text.usbd_cdc_DataOut
                0x080025d8       0x38 usbd_cdc_core.o
 .text.usbd_cdc_Setup
                0x08002610       0xb4 usbd_cdc_core.o
 .text.usbd_cdc_DeInit
                0x080026c4       0x28 usbd_cdc_core.o
 .text.usbd_cdc_Init
                0x080026ec       0x60 usbd_cdc_core.o
 .text.usbd_cdc_DataIn
                0x0800274c       0x5c usbd_cdc_core.o
 .text.VCP_Init
                0x080027a8        0x4 usbd_cdc_vcp.o
 .text.VCP_Ctrl
                0x080027ac       0x54 usbd_cdc_vcp.o
 .text.VCP_DataTx
                0x08002800       0x38 usbd_cdc_vcp.o
 .text.VCP_DataRx
                0x08002838       0x50 usbd_cdc_vcp.o
 .text.VCP_DeInit
                0x08002888        0x4 usbd_cdc_vcp.o
 .text.VCP_putchar
                0x0800288c       0x24 usbd_cdc_vcp.o
                0x0800288c                VCP_putchar
 .text.VCP_kbhit
                0x080028b0       0x18 usbd_cdc_vcp.o
                0x080028b0                VCP_kbhit
 .text.VCP_getchar
                0x080028c8       0x40 usbd_cdc_vcp.o
                0x080028c8                VCP_getchar
 .text.USBD_Resume
                0x08002908       0x18 usbd_core.o
 .text.USBD_Suspend
                0x08002920       0x14 usbd_core.o
 .text.USBD_SOF
                0x08002934       0x10 usbd_core.o
 .text.USBD_IsoINIncomplete
                0x08002944       0x10 usbd_core.o
 .text.USBD_IsoOUTIncomplete
                0x08002954       0x10 usbd_core.o
 .text.USBD_DevConnected
                0x08002964       0x10 usbd_core.o
 .text.USBD_DevDisconnected
                0x08002974       0x1c usbd_core.o
 .text.USBD_Reset
                0x08002990       0x30 usbd_core.o
 .text.USBD_SetupStage
                0x080029c0       0x58 usbd_core.o
 .text.USBD_DataInStage
                0x08002a18       0xa0 usbd_core.o
 .text.USBD_DataOutStage
                0x08002ab8       0x7c usbd_core.o
 .text.USBD_Init
                0x08002b34       0x3c usbd_core.o
                0x08002b34                USBD_Init
 .text.USBD_SetCfg
                0x08002b70       0x18 usbd_core.o
                0x08002b70                USBD_SetCfg
 .text.USBD_ClrCfg
                0x08002b88       0x10 usbd_core.o
                0x08002b88                USBD_ClrCfg
 .text.USBD_USR_DeviceDescriptor
                0x08002b98        0xc usbd_desc.o
                0x08002b98                USBD_USR_DeviceDescriptor
 .text.USBD_USR_LangIDStrDescriptor
                0x08002ba4        0xc usbd_desc.o
                0x08002ba4                USBD_USR_LangIDStrDescriptor
 .text.USBD_USR_ProductStrDescriptor
                0x08002bb0       0x1c usbd_desc.o
                0x08002bb0                USBD_USR_ProductStrDescriptor
 .text.USBD_USR_ManufacturerStrDescriptor
                0x08002bcc       0x1c usbd_desc.o
                0x08002bcc                USBD_USR_ManufacturerStrDescriptor
 .text.USBD_USR_SerialStrDescriptor
                0x08002be8       0x1c usbd_desc.o
                0x08002be8                USBD_USR_SerialStrDescriptor
 .text.USBD_USR_ConfigStrDescriptor
                0x08002c04       0x1c usbd_desc.o
                0x08002c04                USBD_USR_ConfigStrDescriptor
 .text.USBD_USR_InterfaceStrDescriptor
                0x08002c20       0x1c usbd_desc.o
                0x08002c20                USBD_USR_InterfaceStrDescriptor
 .text.USBD_CtlSendData
                0x08002c3c       0x20 usbd_ioreq.o
                0x08002c3c                USBD_CtlSendData
 .text.USBD_CtlContinueSendData
                0x08002c5c       0x10 usbd_ioreq.o
                0x08002c5c                USBD_CtlContinueSendData
 .text.USBD_CtlPrepareRx
                0x08002c6c       0x20 usbd_ioreq.o
                0x08002c6c                USBD_CtlPrepareRx
 .text.USBD_CtlContinueRx
                0x08002c8c       0x10 usbd_ioreq.o
                0x08002c8c                USBD_CtlContinueRx
 .text.USBD_CtlSendStatus
                0x08002c9c       0x20 usbd_ioreq.o
                0x08002c9c                USBD_CtlSendStatus
 .text.USBD_CtlReceiveStatus
                0x08002cbc       0x20 usbd_ioreq.o
                0x08002cbc                USBD_CtlReceiveStatus
 .text.USBD_StdDevReq
                0x08002cdc      0x300 usbd_req.o
                0x08002cdc                USBD_StdDevReq
 .text.USBD_StdItfReq
                0x08002fdc       0x54 usbd_req.o
                0x08002fdc                USBD_StdItfReq
 .text.USBD_StdEPReq
                0x08003030       0xe4 usbd_req.o
                0x08003030                USBD_StdEPReq
 .text.USBD_ParseSetupRequest
                0x08003114       0x24 usbd_req.o
                0x08003114                USBD_ParseSetupRequest
 .text.USBD_CtlError
                0x08003138       0x34 usbd_req.o
                0x08003138                USBD_CtlError
 .text.USBD_GetString
                0x0800316c       0x50 usbd_req.o
                0x0800316c                USBD_GetString
 .text.USBD_USR_Init
                0x080031bc        0xc usbd_usr.o
                0x080031bc                USBD_USR_Init
 .text.USBD_USR_DeviceReset
                0x080031c8        0xc usbd_usr.o
                0x080031c8                USBD_USR_DeviceReset
 .text.USBD_USR_DeviceConfigured
                0x080031d4        0xc usbd_usr.o
                0x080031d4                USBD_USR_DeviceConfigured
 .text.USBD_USR_DeviceResumed
                0x080031e0        0xc usbd_usr.o
                0x080031e0                USBD_USR_DeviceResumed
 .text.USBD_USR_DeviceConnected
                0x080031ec        0xc usbd_usr.o
                0x080031ec                USBD_USR_DeviceConnected
 .text.USBD_USR_DeviceDisconnected
                0x080031f8        0xc usbd_usr.o
                0x080031f8                USBD_USR_DeviceDisconnected
 .text.USBD_USR_DeviceSuspended
                0x08003204        0xc usbd_usr.o
                0x08003204                USBD_USR_DeviceSuspended
 *(.rodata)
 *(.rodata.*)
 .rodata.USBD_USR_ProductStrDescriptor.str1.4
                0x08003210       0x16 usbd_desc.o
 *fill*         0x08003226        0x2 
 .rodata.USBD_USR_ManufacturerStrDescriptor.str1.4
                0x08003228       0x13 usbd_desc.o
 *fill*         0x0800323b        0x1 
 .rodata.USBD_USR_SerialStrDescriptor.str1.4
                0x0800323c        0xd usbd_desc.o
 *fill*         0x08003249        0x3 
 .rodata.USBD_USR_ConfigStrDescriptor.str1.4
                0x0800324c        0xb usbd_desc.o
 *fill*         0x08003257        0x1 
 .rodata.USBD_USR_InterfaceStrDescriptor.str1.4
                0x08003258        0xe usbd_desc.o
 *(.strings)
 *(.glue_7)
 .glue_7        0x08003266        0x0 linker stubs
 *(.glue_7t)
 .glue_7t       0x08003266        0x0 linker stubs
 *(.eh_frame_hdr)
 *(.eh_frame)
 *(.init)
 *(.fini)
                0x08003268                        . = ALIGN (0x4)
 *fill*         0x08003266        0x2 
                0x08003268                        _etext = .
                0x08003268                        _sidata = .

.vfp11_veneer   0x08003268        0x0
 .vfp11_veneer  0x08003268        0x0 linker stubs

.v4_bx          0x08003268        0x0
 .v4_bx         0x08003268        0x0 linker stubs

.iplt           0x08003268        0x0
 .iplt          0x08003268        0x0 libc.o

.rel.dyn        0x08003268        0x0
 .rel.iplt      0x08003268        0x0 libc.o

.data           0x20000000      0x138 load address 0x08003268
                0x20000000                        . = ALIGN (0x4)
                0x20000000                        _sdata = .
 *(.data)
 *(.data.*)
 .data.flag_irq
                0x20000000        0x2 main.o
                0x20000000                flag_irq
 *fill*         0x20000002        0x2 
 .data.APBAHBPrescTable
                0x20000004       0x10 stm32f4xx_rcc.o
 .data.AHBPrescTable
                0x20000014       0x10 system_stm32f4xx.o
                0x20000014                AHBPrescTable
 .data.SystemCoreClock
                0x20000024        0x4 system_stm32f4xx.o
                0x20000024                SystemCoreClock
 .data.USBD_CDC_cb
                0x20000028       0x2c usbd_cdc_core.o
                0x20000028                USBD_CDC_cb
 .data.cdcCmd   0x20000054        0x4 usbd_cdc_core.o
 .data.usbd_cdc_CfgDesc
                0x20000058       0x43 usbd_cdc_core.o
                0x20000058                usbd_cdc_CfgDesc
 *fill*         0x2000009b        0x1 
 .data.VCP_fops
                0x2000009c       0x14 usbd_cdc_vcp.o
                0x2000009c                VCP_fops
 .data.linecoding
                0x200000b0        0x8 usbd_cdc_vcp.o
                0x200000b0                linecoding
 .data.USBD_DCD_INT_fops
                0x200000b8        0x4 usbd_core.o
                0x200000b8                USBD_DCD_INT_fops
 .data.USBD_DCD_INT_cb
                0x200000bc       0x2c usbd_core.o
                0x200000bc                USBD_DCD_INT_cb
 .data.USBD_LangIDDesc
                0x200000e8        0x4 usbd_desc.o
                0x200000e8                USBD_LangIDDesc
 .data.USBD_DeviceDesc
                0x200000ec       0x12 usbd_desc.o
                0x200000ec                USBD_DeviceDesc
 *fill*         0x200000fe        0x2 
 .data.USR_desc
                0x20000100       0x1c usbd_desc.o
                0x20000100                USR_desc
 .data.USR_cb   0x2000011c       0x1c usbd_usr.o
                0x2000011c                USR_cb
                0x20000138                        . = ALIGN (0x4)
                0x20000138                        _edata = .

.igot.plt       0x20000138        0x0 load address 0x080033a0
 .igot.plt      0x20000138        0x0 libc.o

.bss            0x20000138     0x145c load address 0x080033a0
                0x20000138                        . = ALIGN (0x4)
                0x20000138                        _sbss = .
 *(.bss)
 *(.bss.*)
 .bss.ticks     0x20000138        0x8 stm32f4_vector.o
 .bss.uartfifo  0x20000140      0x1b0 usart.o
 .bss.USB_OTG_dev
                0x200002f0      0x5f0 usart.o
                0x200002f0                USB_OTG_dev
 .bss.FrameCount.0
                0x200008e0        0x4 usbd_cdc_core.o
 .bss.cdcLen    0x200008e4        0x4 usbd_cdc_core.o
 .bss.USB_Tx_State
                0x200008e8        0x1 usbd_cdc_core.o
                0x200008e8                USB_Tx_State
 *fill*         0x200008e9        0x3 
 .bss.APP_Rx_length
                0x200008ec        0x4 usbd_cdc_core.o
                0x200008ec                APP_Rx_length
 .bss.APP_Rx_ptr_out
                0x200008f0        0x4 usbd_cdc_core.o
                0x200008f0                APP_Rx_ptr_out
 .bss.APP_Rx_ptr_in
                0x200008f4        0x4 usbd_cdc_core.o
                0x200008f4                APP_Rx_ptr_in
 .bss.CmdBuff   0x200008f8        0x8 usbd_cdc_core.o
                0x200008f8                CmdBuff
 .bss.APP_Rx_Buffer
                0x20000900      0x800 usbd_cdc_core.o
                0x20000900                APP_Rx_Buffer
 .bss.USB_Rx_Buffer
                0x20001100       0x40 usbd_cdc_core.o
                0x20001100                USB_Rx_Buffer
 .bss.usbd_cdc_AltSet
                0x20001140        0x4 usbd_cdc_core.o
 .bss.APP_tx_ptr_tail
                0x20001144        0x4 usbd_cdc_vcp.o
                0x20001144                APP_tx_ptr_tail
 .bss.APP_tx_ptr_head
                0x20001148        0x4 usbd_cdc_vcp.o
                0x20001148                APP_tx_ptr_head
 .bss.APP_Tx_Buffer
                0x2000114c      0x400 usbd_cdc_vcp.o
                0x2000114c                APP_Tx_Buffer
 .bss.cfgidx.0  0x2000154c        0x1 usbd_req.o
 *fill*         0x2000154d        0x3 
 .bss.USBD_StrDesc
                0x20001550       0x32 usbd_req.o
                0x20001550                USBD_StrDesc
 *fill*         0x20001582        0x2 
 .bss.USBD_cfg_status
                0x20001584        0x4 usbd_req.o
                0x20001584                USBD_cfg_status
 .bss.USBD_default_cfg
                0x20001588        0x4 usbd_req.o
                0x20001588                USBD_default_cfg
 .bss.USBD_ep_status
                0x2000158c        0x4 usbd_req.o
                0x2000158c                USBD_ep_status
 .bss.USB_CDC_STATUS
                0x20001590        0x1 usbd_usr.o
                0x20001590                USB_CDC_STATUS
 *(COMMON)
                0x20001594                        . = ALIGN (0x4)
 *fill*         0x20001591        0x3 
                0x20001594                        _ebss = .
                0x20001594                        . = _heap_start

.heap           0x20001594     0xca6c load address 0x080047fc
                0x20001594                        . = ALIGN (0x4)
                [!provide]                        PROVIDE (end = .)
                [!provide]                        PROVIDE (_end = .)
                0x2000e000                        . = (. + _heap_size)
 *fill*         0x20001594     0xca6c 
                0x2000e000                        . = ALIGN (0x4)
                0x2000e000                        . = _stack_end

.stack          0x2000e000     0x2000 load address 0x08011268
                0x2000e000                        . = ALIGN (0x4)
                0x20010000                        . = (. + _stack_size)
 *fill*         0x2000e000     0x2000 
                0x20010000                        . = ALIGN (0x4)
LOAD aeabi.o
LOAD libc.o
LOAD main.o
LOAD misc.o
LOAD muldiv.o
LOAD setjmp.o
LOAD stm32f4_vector.o
LOAD stm32f4xx_adc.o
LOAD stm32f4xx_exti.o
LOAD stm32f4xx_gpio.o
LOAD stm32f4xx_i2c.o
LOAD stm32f4xx_rcc.o
LOAD stm32f4xx_spi.o
LOAD stm32f4xx_syscfg.o
LOAD stm32f4xx_tim.o
LOAD stm32f4xx_usart.o
LOAD system_stm32f4xx.o
LOAD usart.o
LOAD usb_bsp.o
LOAD usb_core.o
LOAD usb_dcd.o
LOAD usb_dcd_int.o
LOAD usbd_cdc_core.o
LOAD usbd_cdc_vcp.o
LOAD usbd_core.o
LOAD usbd_desc.o
LOAD usbd_ioreq.o
LOAD usbd_req.o
LOAD usbd_usr.o
OUTPUT(firmware.elf elf32-littlearm)
LOAD linker stubs

.comment        0x00000000       0x12
 .comment       0x00000000       0x12 libc.o
                                 0x13 (size before relaxing)
 .comment       0x00000012       0x13 main.o
 .comment       0x00000012       0x13 misc.o
 .comment       0x00000012       0x13 stm32f4_vector.o
 .comment       0x00000012       0x13 stm32f4xx_exti.o
 .comment       0x00000012       0x13 stm32f4xx_gpio.o
 .comment       0x00000012       0x13 stm32f4xx_rcc.o
 .comment       0x00000012       0x13 stm32f4xx_syscfg.o
 .comment       0x00000012       0x13 stm32f4xx_usart.o
 .comment       0x00000012       0x13 system_stm32f4xx.o
 .comment       0x00000012       0x13 usart.o
 .comment       0x00000012       0x13 usb_bsp.o
 .comment       0x00000012       0x13 usb_core.o
 .comment       0x00000012       0x13 usb_dcd.o
 .comment       0x00000012       0x13 usb_dcd_int.o
 .comment       0x00000012       0x13 usbd_cdc_core.o
 .comment       0x00000012       0x13 usbd_cdc_vcp.o
 .comment       0x00000012       0x13 usbd_core.o
 .comment       0x00000012       0x13 usbd_desc.o
 .comment       0x00000012       0x13 usbd_ioreq.o
 .comment       0x00000012       0x13 usbd_req.o
 .comment       0x00000012       0x13 usbd_usr.o

.ARM.attributes
                0x00000000       0x30
 .ARM.attributes
                0x00000000       0x34 libc.o
 .ARM.attributes
                0x00000034       0x34 main.o
 .ARM.attributes
                0x00000068       0x34 misc.o
 .ARM.attributes
                0x0000009c       0x34 stm32f4_vector.o
 .ARM.attributes
                0x000000d0       0x34 stm32f4xx_exti.o
 .ARM.attributes
                0x00000104       0x34 stm32f4xx_gpio.o
 .ARM.attributes
                0x00000138       0x34 stm32f4xx_rcc.o
 .ARM.attributes
                0x0000016c       0x34 stm32f4xx_syscfg.o
 .ARM.attributes
                0x000001a0       0x34 stm32f4xx_usart.o
 .ARM.attributes
                0x000001d4       0x34 system_stm32f4xx.o
 .ARM.attributes
                0x00000208       0x34 usart.o
 .ARM.attributes
                0x0000023c       0x34 usb_bsp.o
 .ARM.attributes
                0x00000270       0x34 usb_core.o
 .ARM.attributes
                0x000002a4       0x34 usb_dcd.o
 .ARM.attributes
                0x000002d8       0x34 usb_dcd_int.o
 .ARM.attributes
                0x0000030c       0x34 usbd_cdc_core.o
 .ARM.attributes
                0x00000340       0x34 usbd_cdc_vcp.o
 .ARM.attributes
                0x00000374       0x34 usbd_core.o
 .ARM.attributes
                0x000003a8       0x34 usbd_desc.o
 .ARM.attributes
                0x000003dc       0x34 usbd_ioreq.o
 .ARM.attributes
                0x00000410       0x34 usbd_req.o
 .ARM.attributes
                0x00000444       0x34 usbd_usr.o
